// Jest Snapshot v1, https://goo.gl/fbAQLP

exports[`Heading Component applies correct font size and weight (emotion class check) 1`] = `
<Text
  style={
    [
      {
        "color": "#bfdbfe",
        "fontSize": 30,
        "fontWeight": "900",
      },
      undefined,
    ]
  }
>
  Styled Text
</Text>
`;
